// Jest Snapshot v1, https://goo.gl/fbAQLP

exports[`<PersonListItem /> component handles onPress 1`] = `
<Themed.ListItem
  leftAvatar={
    Object {
      "ImageComponent": undefined,
      "rounded": true,
      "source": Object {
        "uri": undefined,
      },
      "title": "M",
    }
  }
  onPress={[Function]}
  subtitle="Flouncer"
  title="Maryellen Baxter"
/>
`;

exports[`<PersonListItem /> component renders correctly 1`] = `
<Themed.ListItem
  leftAvatar={
    Object {
      "ImageComponent": undefined,
      "rounded": true,
      "source": Object {
        "uri": undefined,
      },
      "title": "M",
    }
  }
  onPress={[Function]}
  subtitle="Flouncer"
  title="Maryellen Baxter"
/>
`;
