// Jest Snapshot v1, https://goo.gl/fbAQLP

exports[`<PersonListItem /> component handles onPress 1`] = `
<Themed.ListItem
  leftAvatar={
    Object {
      "rounded": true,
      "source": Object {
        "uri": "https://randomuser.me/api/portraits/women/12.jpg",
      },
    }
  }
  onPress={[Function]}
  subtitle="Flouncer"
  title="Maryellen Baxter"
/>
`;

exports[`<PersonListItem /> component renders correctly 1`] = `
<Themed.ListItem
  leftAvatar={
    Object {
      "rounded": true,
      "source": Object {
        "uri": "https://randomuser.me/api/portraits/women/12.jpg",
      },
    }
  }
  onPress={[Function]}
  subtitle="Flouncer"
  title="Maryellen Baxter"
/>
`;
